
===========================================================================
 report_power
============================================================================
======================= Fastest Corner ===================================

Group                  Internal  Switching    Leakage      Total
                          Power      Power      Power      Power (Watts)
----------------------------------------------------------------
Sequential             1.01e-05   3.89e-07   7.64e-09   1.05e-05  12.9%
Combinational          2.04e-06   1.76e-06   1.13e-10   3.80e-06   4.7%
Clock                  5.82e-05   8.95e-06   6.62e-10   6.72e-05  82.5%
Macro                  0.00e+00   0.00e+00   0.00e+00   0.00e+00   0.0%
Pad                    0.00e+00   0.00e+00   0.00e+00   0.00e+00   0.0%
----------------------------------------------------------------
Total                  7.03e-05   1.11e-05   8.41e-09   8.14e-05 100.0%
                          86.4%      13.6%       0.0%

======================= Slowest Corner ===================================

Group                  Internal  Switching    Leakage      Total
                          Power      Power      Power      Power (Watts)
----------------------------------------------------------------
Sequential             6.80e-06   2.50e-07   3.77e-08   7.09e-06  12.5%
Combinational          1.41e-06   1.15e-06   7.49e-08   2.64e-06   4.7%
Clock                  4.10e-05   5.89e-06   5.75e-08   4.69e-05  82.8%
Macro                  0.00e+00   0.00e+00   0.00e+00   0.00e+00   0.0%
Pad                    0.00e+00   0.00e+00   0.00e+00   0.00e+00   0.0%
----------------------------------------------------------------
Total                  4.92e-05   7.30e-06   1.70e-07   5.67e-05 100.0%
                          86.8%      12.9%       0.3%

======================= Typical Corner ===================================

Group                  Internal  Switching    Leakage      Total
                          Power      Power      Power      Power (Watts)
----------------------------------------------------------------
Sequential             8.67e-06   3.23e-07   7.63e-09   9.00e-06  12.8%
Combinational          1.77e-06   1.49e-06   4.64e-11   3.26e-06   4.6%
Clock                  5.05e-05   7.53e-06   5.08e-10   5.81e-05  82.6%
Macro                  0.00e+00   0.00e+00   0.00e+00   0.00e+00   0.0%
Pad                    0.00e+00   0.00e+00   0.00e+00   0.00e+00   0.0%
----------------------------------------------------------------
Total                  6.10e-05   9.34e-06   8.19e-09   7.03e-05 100.0%
                          86.7%      13.3%       0.0%

